Test Suite 'All tests' started at 2026-09-13 13:40:11.940.
	 Executed 9 tests, with 0 failures (0 unexpected) in 0.004 (0.004) seconds
	 Executed 5 tests, with 0 failures (0 unexpected) in 0.179 (0.180) seconds
	 Executed 1 test, with 0 failures (0 unexpected) in 0.002 (0.002) seconds
	 Executed 26 tests, with 0 failures (0 unexpected) in 0.009 (0.011) seconds
	 Executed 28 tests, with 0 failures (0 unexpected) in 0.256 (0.258) seconds
	 Executed 1 test, with 1 test skipped and 0 failures (0 unexpected) in 0.001 (0.001) seconds
	 Executed 49 tests, with 0 failures (0 unexpected) in 15.231 (15.237) seconds
	 Executed 3 tests, with 0 failures (0 unexpected) in 0.008 (0.008) seconds
	 Executed 8 tests, with 0 failures (0 unexpected) in 0.002 (0.003) seconds
	 Executed 5 tests, with 0 failures (0 unexpected) in 0.001 (0.002) seconds
	 Executed 12 tests, with 0 failures (0 unexpected) in 0.136 (0.138) seconds
	 Executed 16 tests, with 0 failures (0 unexpected) in 0.121 (0.122) seconds
	 Executed 2 tests, with 0 failures (0 unexpected) in 0.000 (0.001) seconds
	 Executed 2 tests, with 0 failures (0 unexpected) in 0.001 (0.001) seconds
	 Executed 6 tests, with 0 failures (0 unexpected) in 0.001 (0.001) seconds
	 Executed 4 tests, with 0 failures (0 unexpected) in 0.006 (0.006) seconds
	 Executed 4 tests, with 0 failures (0 unexpected) in 0.054 (0.055) seconds
	 Executed 3 tests, with 0 failures (0 unexpected) in 0.015 (0.016) seconds
	 Executed 5 tests, with 0 failures (0 unexpected) in 0.176 (0.177) seconds
	 Executed 18 tests, with 0 failures (0 unexpected) in 0.027 (0.028) seconds
	 Executed 7 tests, with 0 failures (0 unexpected) in 0.001 (0.002) seconds
	 Executed 5 tests, with 0 failures (0 unexpected) in 0.001 (0.001) seconds
	 Executed 36 tests, with 1 test skipped and 0 failures (0 unexpected) in 0.272 (0.275) seconds
	 Executed 10 tests, with 0 failures (0 unexpected) in 0.012 (0.013) seconds
	 Executed 5 tests, with 0 failures (0 unexpected) in 0.002 (0.002) seconds
	 Executed 52 tests, with 0 failures (0 unexpected) in 6.947 (6.952) seconds
	 Executed 6 tests, with 0 failures (0 unexpected) in 0.077 (0.078) seconds
	 Executed 5 tests, with 0 failures (0 unexpected) in 0.001 (0.002) seconds
	 Executed 24 tests, with 0 failures (0 unexpected) in 2.583 (2.585) seconds
	 Executed 5 tests, with 0 failures (0 unexpected) in 0.001 (0.001) seconds
	 Executed 7 tests, with 0 failures (0 unexpected) in 0.772 (0.773) seconds
	 Executed 4 tests, with 0 failures (0 unexpected) in 0.001 (0.002) seconds
	 Executed 3 tests, with 0 failures (0 unexpected) in 0.007 (0.007) seconds
	 Executed 5 tests, with 0 failures (0 unexpected) in 5.105 (5.105) seconds
	 Executed 2 tests, with 0 failures (0 unexpected) in 0.001 (0.001) seconds
	 Executed 5 tests, with 0 failures (0 unexpected) in 3.606 (3.607) seconds
	 Executed 31 tests, with 0 failures (0 unexpected) in 2.238 (2.242) seconds
	 Executed 10 tests, with 0 failures (0 unexpected) in 0.060 (0.061) seconds
	 Executed 2 tests, with 0 failures (0 unexpected) in 0.024 (0.024) seconds
	 Executed 431 tests, with 2 tests skipped and 0 failures (0 unexpected) in 37.942 (37.984) seconds
Test Suite 'All tests' passed at 2026-09-13 13:40:49.925.
	 Executed 431 tests, with 2 tests skipped and 0 failures (0 unexpected) in 37.942 (37.985) seconds
