
test result: ok. 3 passed; 0 failed; 0 ignored; 0 measured; 0 filtered out; finished in 0.00s

     Running tests/device_models.rs ($QA_ROOT/rust-target/debug/deps/device_models-e1f74c6ca9e05cc0)

running 7 tests
test pl011_and_mmio_bus_route_console_bytes ... ok
test virtio_mmio_exposes_modern_transport_registers ... ok
test virtio_mmio_rejects_unsupported_features_when_features_ok_is_set ... ok
test virtio_balloon_requires_deflate_ack_before_the_guest_reuses_pages ... ok
test gic_mmio_models_linux_discovery_and_waker_registers ... ok
test psci_handles_version_features_and_cpu_on ... ok
test fdt_advertises_conjet_direct_kernel_machine ... ok

test result: ok. 7 passed; 0 failed; 0 ignored; 0 measured; 0 filtered out; finished in 0.00s

     Running tests/docker_probe.rs ($QA_ROOT/rust-target/debug/deps/docker_probe-0885d9d96e14494e)

running 1 test
test docker_socket_probe_accepts_ping_response ... ok

test result: ok. 1 passed; 0 failed; 0 ignored; 0 measured; 0 filtered out; finished in 0.00s

     Running tests/linux_memory_release.rs ($QA_ROOT/rust-target/debug/deps/linux_memory_release-35199ab56494b51b)

running 1 test
test linux_reports_freed_pages_and_reuses_memory_without_corruption ... ignored, requires entitled executable, CONJET_TEST_KERNEL and CONJET_TEST_INITRD; run serially

test result: ok. 0 passed; 0 failed; 1 ignored; 0 measured; 0 filtered out; finished in 0.00s

     Running tests/virtio_execution.rs ($QA_ROOT/rust-target/debug/deps/virtio_execution-744f80658dc4e4f2)

running 2 tests
test vsock_transmit_and_receive_queues_move_packets ... ok
test block_queue_executes_write_flush_and_readback ... ok

test result: ok. 2 passed; 0 failed; 0 ignored; 0 measured; 0 filtered out; finished in 0.00s

   Doc-tests jetstream

running 0 tests

test result: ok. 0 passed; 0 failed; 0 ignored; 0 measured; 0 filtered out; finished in 0.00s
