Test Case '-[ConjetVZTests.VirtualMachineControllerTests testRustMemoryPolicyForwardsProfileAndPreservesExplicitOverrides]' passed (0.000 seconds).
Test Case '-[ConjetVZTests.VirtualMachineControllerTests testRustMemorySocketsFallbackWhenSiblingPathExceedsUnixSocketLimit]' started.
Test Case '-[ConjetVZTests.VirtualMachineControllerTests testRustMemorySocketsFallbackWhenSiblingPathExceedsUnixSocketLimit]' passed (0.000 seconds).
Test Case '-[ConjetVZTests.VirtualMachineControllerTests testRustMemorySocketsUseDockerSiblingWhenPathFits]' started.
Test Case '-[ConjetVZTests.VirtualMachineControllerTests testRustMemorySocketsUseDockerSiblingWhenPathFits]' passed (0.000 seconds).
Test Case '-[ConjetVZTests.VirtualMachineControllerTests testRustVMMRunCapturesFailedStartupDiagnosticAndStopsAfterExit]' started.
Test Case '-[ConjetVZTests.VirtualMachineControllerTests testRustVMMRunCapturesFailedStartupDiagnosticAndStopsAfterExit]' passed (0.062 seconds).
Test Suite 'VirtualMachineControllerTests' passed at 2026-09-13 14:25:40.193.
	 Executed 10 tests, with 0 failures (0 unexpected) in 0.065 (0.066) seconds
Test Suite 'VirtualizationProbeTests' started at 2026-09-13 14:25:40.193.
Test Case '-[ConjetVZTests.VirtualizationProbeTests testHVFExperimentalStartRejectsInvalidDirectKernelAssetsBeforeHVFCreate]' started.
Test Case '-[ConjetVZTests.VirtualizationProbeTests testHVFExperimentalStartRejectsInvalidDirectKernelAssetsBeforeHVFCreate]' passed (0.001 seconds).
Test Case '-[ConjetVZTests.VirtualizationProbeTests testInspectReportsSelectedHVFBackendAsExperimental]' started.
Test Case '-[ConjetVZTests.VirtualizationProbeTests testInspectReportsSelectedHVFBackendAsExperimental]' passed (0.022 seconds).
Test Suite 'VirtualizationProbeTests' passed at 2026-09-13 14:25:40.217.
	 Executed 2 tests, with 0 failures (0 unexpected) in 0.023 (0.023) seconds
Test Suite 'conjetPackageTests.xctest' passed at 2026-09-13 14:25:40.217.
	 Executed 440 tests, with 2 tests skipped and 0 failures (0 unexpected) in 38.967 (39.012) seconds
Test Suite 'All tests' passed at 2026-09-13 14:25:40.217.
	 Executed 440 tests, with 2 tests skipped and 0 failures (0 unexpected) in 38.967 (39.013) seconds
◇ Test run started.
↳ Testing Library Version: 1902
↳ Target Platform: arm64e-apple-macos14.0
✔ Test run with 0 tests in 0 suites passed after 0.001 seconds.
