#0 building with "default" instance using docker driver

#1 [internal] load build definition from Dockerfile
#1 transferring dockerfile: 206B 0.0s done
#1 DONE 0.1s

#2 [internal] load metadata for docker.io/library/alpine:3.22
#2 DONE 0.0s

#3 [internal] load .dockerignore
#3 transferring context: 2B 0.0s done
#3 DONE 0.0s

#4 [1/2] FROM docker.io/library/alpine:3.22
#4 DONE 0.0s

#5 [2/2] RUN apk add --no-cache curl && curl -fsS --max-time 30 https://example.com >/proof.html
#5 0.560 fetch https://dl-cdn.alpinelinux.org/alpine/v3.22/main/aarch64/APKINDEX.tar.gz
#5 1.211 fetch https://dl-cdn.alpinelinux.org/alpine/v3.22/community/aarch64/APKINDEX.tar.gz
#5 1.741 (1/9) Installing brotli-libs (1.1.0-r2)
#5 1.807 (2/9) Installing c-ares (1.34.8-r0)
#5 1.856 (3/9) Installing libunistring (1.3-r0)
#5 1.969 (4/9) Installing libidn2 (2.3.7-r0)
#5 2.006 (5/9) Installing nghttp2-libs (1.69.0-r0)
#5 2.054 (6/9) Installing libpsl (0.21.5-r3)
#5 2.108 (7/9) Installing zstd-libs (1.5.7-r0)
#5 2.173 (8/9) Installing libcurl (8.14.1-r3)
#5 2.247 (9/9) Installing curl (8.14.1-r3)
#5 2.304 Executing busybox-1.37.0-r20.trigger
#5 2.310 OK: 13 MiB in 25 packages
#5 DONE 4.0s

#6 exporting to image
#6 exporting layers 0.1s done
#6 writing image sha256:4a9222c93041c6c808c64f97ec6cb6ba897f3463860492e6a97b9a7bb3f6228a done
#6 naming to docker.io/library/conjet-vpn-qa:local done
#6 DONE 0.1s
